// Vitest Snapshot v1

exports[`ProcessCheck > should match snapshot 1`] = `
<main
  class="container"
  style="max-width: 740px;"
>
  <h2
    class="font-muli-20-primary"
  >
    Crie o processo de pré-matrícula
  </h2>
  <p>
     Revise os dados do processo a ser criado e prossiga para finalizá-lo. Você pode pré-visualizar os formulários criados para esse processo e editá-los se necessário. 
    <strong>
       Lembre-se que depois de criado, um processo não poderá ser editado. 
    </strong>
  </p>
  
  <div
    class="d-flex justify-content-between mt-5"
  >
    <h4>
      Ed. Infantil (Nível III, Pré-Escola) Ens. Fundamental (1° ao 9° ano) (2021)
    </h4>
  </div>
  <div
    class="row"
  >
    
    <div
      class="col-12 mb-3"
    >
      <div
        class="x-card x-card--bordered x-card--hover"
      >
        <div
          class="x-card__section x-card__section--vert pb-0"
        >
          <h5
            class="text-h5"
          >
            Matrícula
          </h5>
        </div>
        <div
          class="x-card__section x-card__section--vert pt-0"
        >
          <div
            class="mt-2 d-flex align-items-center text-size-15"
          >
            <i
              class="fa fa-calendar text-primary mr-2"
            />
            <span
              class="text-gray-600"
            >
              17/02/2021 às 14:00 à 07/03/2026 às 23:59
            </span>
          </div>
          <div
            class="mt-3"
          >
            
            <small
              class="badge-green badge mr-2"
            >
              Matutino
            </small>
            
          </div>
        </div>
      </div>
    </div>
    
  </div>
  <div
    class="mt-5 mb-4"
  >
    <h4>
      Formulários
    </h4>
  </div>
  <div
    class="row"
  >
    <div
      class="col-12"
    >
      <div
        class="d-flex justify-content-between align-items-center border-bottom pb-4 mb-4"
      >
        <p>
          Dados do(a) responsável
        </p>
        <div>
          <button
            class="x-btn x-btn-item non-selectable no-outline x-btn--outline x-btn--rectangle text-primary border-primary x-btn--actionable pmd-focusable pmd-hoverable x-btn--no-uppercase"
            role="button"
            tabindex="0"
            type="submit"
          >
            <span
              class="x-btn__content text-center d-flex justify-content-center no-wrap text-no-wrap"
            >
              <span
                class="block"
              >
                Editar
              </span>
            </span>
            <transition-stub
              appear="false"
              css="true"
              name="x-transition--fade"
              persisted="false"
            >
              <!---->
            </transition-stub>
          </button>
        </div>
      </div>
      <div
        class="row"
      >
        
        <div
          class="col-12 col-md-6 mb-3"
        >
          <label
            class="toggle-checkbox"
          >
            <input
              disabled=""
              type="checkbox"
              value="responsible_name"
            />
            <div
              class="toggle-required toggle-text"
            >
              Nome do(a) responsável
            </div>
          </label>
        </div>
        
        <div
          class="col-12 mb-3"
        >
          <label
            class="toggle-checkbox"
          >
            <input
              disabled=""
              type="checkbox"
            />
            <div
              class="toggle-text toggle-required"
            >
              Endereço
            </div>
          </label>
        </div>
      </div>
      <div
        class="row"
      >
        <div
          class="col-12"
        >
          <button
            class="x-btn x-btn-item non-selectable no-outline x-btn--standard x-btn--rectangle bg-primary text-white x-btn--actionable pmd-focusable pmd-hoverable x-btn--no-uppercase w-100"
            role="button"
            style="font-size: 20px;"
            tabindex="0"
            type="button"
          >
            <span
              class="x-btn__content text-center d-flex justify-content-center no-wrap text-no-wrap"
            >
              <span
                class="block"
              >
                Pré-visualizar formulário
              </span>
            </span>
            <transition-stub
              appear="false"
              css="true"
              name="x-transition--fade"
              persisted="false"
            >
              <!---->
            </transition-stub>
          </button>
        </div>
        <!--v-if-->
      </div>
    </div>
    <div
      class="col-12 mt-5"
    >
      <div
        class="d-flex justify-content-between align-items-center border-bottom pb-4 mb-4"
      >
        <p>
          Dados do(a) aluno(a)
        </p>
        <div>
          <button
            class="x-btn x-btn-item non-selectable no-outline x-btn--outline x-btn--rectangle text-primary border-primary x-btn--actionable pmd-focusable pmd-hoverable x-btn--no-uppercase"
            role="button"
            tabindex="0"
            type="submit"
          >
            <span
              class="x-btn__content text-center d-flex justify-content-center no-wrap text-no-wrap"
            >
              <span
                class="block"
              >
                Editar
              </span>
            </span>
            <transition-stub
              appear="false"
              css="true"
              name="x-transition--fade"
              persisted="false"
            >
              <!---->
            </transition-stub>
          </button>
        </div>
      </div>
      <div
        class="row"
      >
        
        
      </div>
      <div
        class="row"
      >
        <div
          class="col-12"
        >
          <button
            class="x-btn x-btn-item non-selectable no-outline x-btn--standard x-btn--rectangle bg-primary text-white x-btn--actionable pmd-focusable pmd-hoverable x-btn--no-uppercase w-100"
            role="button"
            style="font-size: 20px;"
            tabindex="0"
            type="button"
          >
            <span
              class="x-btn__content text-center d-flex justify-content-center no-wrap text-no-wrap"
            >
              <span
                class="block"
              >
                Pré-visualizar formulário
              </span>
            </span>
            <transition-stub
              appear="false"
              css="true"
              name="x-transition--fade"
              persisted="false"
            >
              <!---->
            </transition-stub>
          </button>
        </div>
        <!--v-if-->
      </div>
    </div>
  </div>
  <div
    class="d-flex justify-content-between align-items-end mt-5 mb-3"
  >
    <h4
      class="m-0"
    >
      Critérios
    </h4>
    <div>
      <button
        class="x-btn x-btn-item non-selectable no-outline x-btn--outline x-btn--rectangle text-primary border-primary x-btn--actionable pmd-focusable pmd-hoverable x-btn--no-uppercase"
        role="button"
        tabindex="0"
        type="submit"
      >
        <span
          class="x-btn__content text-center d-flex justify-content-center no-wrap text-no-wrap"
        >
          <span
            class="block"
          >
            Editar
          </span>
        </span>
        <transition-stub
          appear="false"
          css="true"
          name="x-transition--fade"
          persisted="false"
        >
          <!---->
        </transition-stub>
      </button>
    </div>
  </div>
  <hr />
  <div
    class="row"
  >
    <div
      class="col-12 text-muted"
    >
       Nenhum critério de prioridade foi definido. 
    </div>
  </div>
  <div
    class="row"
  >
    <div
      class="col-12"
    >
      
      
    </div>
  </div>
  <div
    class="row mt-5"
  >
    <div
      class="offset-md-3 col-md-3"
    >
      <button
        class="x-btn x-btn-item non-selectable no-outline x-btn--outline x-btn--rectangle text-gray-500 border-gray-500 x-btn--actionable pmd-focusable pmd-hoverable x-btn--no-uppercase w-100 h-100 flex-row justify-content-center"
        data-test="btn-back"
        role="button"
        style="font-size: 20px;"
        tabindex="0"
        type="submit"
      >
        <span
          class="x-btn__content text-center d-flex justify-content-center no-wrap text-no-wrap"
        >
          <span
            class="block"
          >
            Voltar
          </span>
        </span>
        <transition-stub
          appear="false"
          css="true"
          name="x-transition--fade"
          persisted="false"
        >
          <!---->
        </transition-stub>
      </button>
    </div>
    <div
      class="col-md-3 mt-3 mt-md-0"
    >
      <button
        class="x-btn x-btn-item non-selectable no-outline x-btn--standard x-btn--rectangle bg-primary text-white x-btn--actionable pmd-focusable pmd-hoverable x-btn--no-uppercase w-100 h-100 flex-row justify-content-center"
        data-test="btn-submit"
        role="button"
        style="font-size: 20px;"
        tabindex="0"
        type="submit"
      >
        <span
          class="x-btn__content text-center d-flex justify-content-center no-wrap text-no-wrap"
        >
          <span
            class="block"
          >
            Prosseguir
          </span>
        </span>
        <transition-stub
          appear="false"
          css="true"
          name="x-transition--fade"
          persisted="false"
        >
          <!---->
        </transition-stub>
      </button>
    </div>
  </div>
  
</main>
`;
