// Vitest Snapshot v1

exports[`ProcessShow > should match snapshot 1`] = `
<main>
  <h1>
    Processos
  </h1>
  
  <div
    class="d-flex flex-column flex-lg-row mt-5 mb-3"
  >
    <div
      class="d-flex justify-content-between"
    >
      <h4
        class="text-truncate"
      >
        Ed. Infantil (Nível III, Pré-Escola) Ens. Fundamental (1° ao 9° ano) (2021)
      </h4>
    </div>
    <div
      class="d-flex flex-grow-1 justify-content-end align-items-center"
    >
      <button
        class="x-btn x-btn-item non-selectable no-outline x-btn--standard x-btn--rectangle x-btn--actionable pmd-focusable pmd-hoverable x-btn--no-uppercase text-danger border-danger mr-2"
        data-test="btn-delete"
        role="button"
        tabindex="0"
        type="button"
      >
        <span
          class="x-btn__content text-center d-flex justify-content-center no-wrap text-no-wrap"
        >
          <span
            class="block"
          >
            Excluir
          </span>
        </span>
        <transition-stub
          appear="false"
          css="true"
          name="x-transition--fade"
          persisted="false"
        >
          <!---->
        </transition-stub>
      </button>
      <button
        class="x-btn x-btn-item non-selectable no-outline x-btn--standard x-btn--rectangle bg-primary text-white x-btn--actionable pmd-focusable pmd-hoverable x-btn--no-uppercase mr-2 border-primary"
        data-test="btn-copy"
        role="button"
        tabindex="0"
        type="button"
      >
        <span
          class="x-btn__content text-center d-flex justify-content-center no-wrap text-no-wrap"
        >
          <span
            class="block"
          >
            Copiar processo
          </span>
        </span>
        <transition-stub
          appear="false"
          css="true"
          name="x-transition--fade"
          persisted="false"
        >
          <!---->
        </transition-stub>
      </button>
      <button
        class="x-btn x-btn-item non-selectable no-outline x-btn--outline x-btn--rectangle text-primary border-primary x-btn--actionable pmd-focusable pmd-hoverable x-btn--no-uppercase"
        data-test="btn-edit"
        role="button"
        tabindex="0"
        type="button"
      >
        <span
          class="x-btn__content text-center d-flex justify-content-center no-wrap text-no-wrap"
        >
          <span
            class="block"
          >
            Editar
          </span>
        </span>
        <transition-stub
          appear="false"
          css="true"
          name="x-transition--fade"
          persisted="false"
        >
          <!---->
        </transition-stub>
      </button>
    </div>
  </div>
  <div
    class="row"
  >
    <!--v-if-->
    
    <div
      class="col-12 col-md-6 mb-3"
    >
      <div
        class="x-card x-card--bordered x-card--hover"
      >
        <div
          class="x-card__section x-card__section--vert pb-0"
        >
          <h5
            class="text-h5"
          >
            Matrícula 
            <small
              class="badge-red badge pull-right"
            >
              encerrada
            </small>
          </h5>
        </div>
        <div
          class="x-card__section x-card__section--vert pt-0 pb-0"
        >
          <div
            class="mt-2 d-flex align-items-center text-size-15"
          >
            <i
              class="fa fa-calendar text-primary mr-2"
            />
            <span
              class="text-gray-600"
            >
              17/02/2021 às 14:00 à 07/03/2021 às 23:59
            </span>
          </div>
        </div>
        <div
          class="x-card__section x-card__section--vert"
        >
          
          <small
            class="badge-red badge mr-2 mb-2 mb-md-0"
          >
            Matutino
          </small>
          <small
            class="badge-red badge mr-2 mb-2 mb-md-0"
          >
            Vespertino
          </small>
          <small
            class="badge-red badge mr-2 mb-2 mb-md-0"
          >
            Integral
          </small>
          
        </div>
        <div
          class="x-card__section x-card__section--vert pt-0 pb-0"
        >
          <p
            class="text-muted mt-3"
          >
             Observações e documentos a serem entregues pelos responsável: 
          </p>
          <div
            class="text-break overflow-hiddden"
          >
            <p>
              Lista de documentos necess&aacute;rios do aluno:
            </p>
            <p>
              <br />
            </p>
            <ul>
              <li>
                a) Certid&atilde;o de nascimento ou documento oficial com foto;
              </li>
              <li>
                b) Comprovante de Cadastro de Pessoa F&iacute;sica - CPF, da crian&ccedil;a pleiteante &agrave; vaga;
              </li>
            </ul>
            <p>
              Lista de documentos necess&aacute;rios dos respons&aacute;veis, caso convivam maritalmente:
            </p>
            <p>
              <br />
            </p>
            <ul>
              <li>
                a) Certid&atilde;o de casamento ou de uni&atilde;o est&aacute;vel;
              </li>
              <li>
                b) Documento de identifica&ccedil;&atilde;o de ambos com foto (RG ou CNH ou Identidade profissional emitida por org&atilde;o oficial);
              </li>
              <li>
                c)Comprova&ccedil;&atilde;o de exerc&iacute;cio de atividade remunerada;
              </li>
            </ul>
            <p>
              Lista de documentos necess&aacute;rios dos respons&aacute;veis, caso sejam separados:
            </p>
            <p>
              <br />
            </p>
            <ul>
              <li>
                a) Documento ou declara&ccedil;&atilde;o que comprobe a situa&ccedil;&atilde;o do casal (divorciado, separado judicialmente, etc);
              </li>
              <li>
                b) Termo de guarda da crian&ccedil;a em favor do respons&aacute;vel pela matr&iacute;cula;
              </li>
              <li>
                c)Comprova&ccedil;&atilde;o de exerc&iacute;cio de atividade remunerada;
              </li>
            </ul>
            <p>
              Lista geral de documentos necess&aacute;rios para efetivar a matr&iacute;cula do aluno:
            </p>
            <p>
              <br />
            </p>
            <ul>
              <li>
                a) Comprovante de resid&ecirc;ncia (fatura de &aacute;gua, energia, telefone fixo, etc);
              </li>
              <li>
                b) Declara&ccedil;&atilde;o de vacina&ccedil;&atilde;o atualizada.;
              </li>
              <li>
                c) C&oacute;pia de certid&atilde;o de nascimento de irm&atilde;os menores de 14 anos.;
              </li>
              <li>
                d) C&oacute;pia do atestado m&eacute;dico das restri&ccedil;&otilde;es de sa&uacute;de, laudous m&eacute;dicos, alimentar, se houver.;
              </li>
              <li>
                e) C&oacute;pia do Hist&oacute;rico Escolar ou declara&ccedil;&atilde;o de frequ&ecirc;ncia (para alunos transferidos);
              </li>
              <li>
                f) Protocolo de visto de perman&ecirc;ncia para familias estrangeiras;
              </li>
              <li>
                g) Cart&atilde;o do Bolsa Fam&iacute;lia (quando benefici&aacute;rio);
              </li>
            </ul>
            <p>
              Datas de comparecimento na unidade para entrega da documenta&ccedil;&atilde;o:
            </p>
            <p>
              <br />
            </p>
            <p>
              EM CASO DE DEFERIDO - COMPARECER NA ESCOLA AT&Eacute; DIA 22 DE MAR&Ccedil;O DE 2021 PARA EFETUAR A MATR&Iacute;CULA.
            </p>
          </div>
        </div>
        <div
          class="x-card__section x-card__section--vert card-footer d-flex justify-content-center"
        >
          <button
            class="x-btn x-btn-item non-selectable no-outline x-btn--standard x-btn--rectangle x-btn--actionable pmd-focusable pmd-hoverable x-btn--no-uppercase mr-2 border-rejected text-rejected"
            data-test="btn-reject-in-batch"
            role="button"
            tabindex="0"
            type="button"
          >
            <span
              class="x-btn__content text-center d-flex justify-content-center no-wrap text-no-wrap"
            >
              <i
                aria-hidden="true"
                class="icon-pmd-rejected pmd-icon on-left text-"
                role="img"
                style="margin-top: 1px;"
              >
                 
              </i>
              <span
                class="block"
              >
                Indeferir pré-matrículas
              </span>
            </span>
            <transition-stub
              appear="false"
              css="true"
              name="x-transition--fade"
              persisted="false"
            >
              <!---->
            </transition-stub>
          </button>
        </div>
      </div>
    </div>
    
  </div>
  <div
    class="d-flex justify-content-between mt-5 mb-3"
  >
    <h4>
      Formulários
    </h4>
    <div>
      <button
        class="x-btn x-btn-item non-selectable no-outline x-btn--outline x-btn--rectangle text-primary border-primary x-btn--actionable pmd-focusable pmd-hoverable x-btn--no-uppercase"
        role="button"
        tabindex="0"
        type="button"
      >
        <span
          class="x-btn__content text-center d-flex justify-content-center no-wrap text-no-wrap"
        >
          <span
            class="block"
          >
            Editar
          </span>
        </span>
        <transition-stub
          appear="false"
          css="true"
          name="x-transition--fade"
          persisted="false"
        >
          <!---->
        </transition-stub>
      </button>
    </div>
  </div>
  <div
    class="row"
  >
    <div
      class="col-12 col-md-6"
    >
      <p
        class="border-bottom pb-3"
      >
        Responsável
      </p>
      <div
        class="row"
      >
        <!--v-if-->
      </div>
      <div
        class="row"
      >
        
        <div
          class="col-12 col-md-6 mb-3"
        >
          <label
            class="toggle-checkbox"
          >
            <input
              disabled=""
              type="checkbox"
              value="184"
            />
            <div
              class="toggle-required toggle-text"
            >
              Nome do(a) responsável
            </div>
          </label>
        </div>
        
      </div>
    </div>
    <div
      class="col-12 col-md-6"
    >
      <p
        class="border-bottom pb-3"
      >
        Aluno
      </p>
      <div
        class="row"
      >
        <!--v-if-->
      </div>
      <div
        class="row"
      >
        
        <div
          class="col-12 col-md-6 mb-3"
        >
          <label
            class="toggle-checkbox"
          >
            <input
              disabled=""
              type="checkbox"
              value="197"
            />
            <div
              class="toggle-required toggle-text"
            >
              Nome
            </div>
          </label>
        </div>
        
      </div>
    </div>
  </div>
  <div
    class="d-flex justify-content-between mt-5 mb-3"
  >
    <h4>
      Critérios
    </h4>
    <div>
      <button
        class="x-btn x-btn-item non-selectable no-outline x-btn--outline x-btn--rectangle text-primary border-primary x-btn--actionable pmd-focusable pmd-hoverable x-btn--no-uppercase"
        role="button"
        tabindex="0"
        type="button"
      >
        <span
          class="x-btn__content text-center d-flex justify-content-center no-wrap text-no-wrap"
        >
          <span
            class="block"
          >
            Editar
          </span>
        </span>
        <transition-stub
          appear="false"
          css="true"
          name="x-transition--fade"
          persisted="false"
        >
          <!---->
        </transition-stub>
      </button>
    </div>
  </div>
  <hr />
  <div
    class="row"
  >
    <div
      class="col-12 text-muted"
    >
       Nenhum critério de prioridade foi definido. 
    </div>
  </div>
  <div
    class="row"
  >
    <div
      class="col-12"
    >
      
      
    </div>
  </div>
  
  <!--v-if-->
  <!--v-if-->
</main>
`;
