// Vitest Snapshot v1

exports[`Index > should match snapshot 1`] = `
<div>
  <div
    class="row mt-3"
  >
    <div
      class="container-sm col-10 col-lg-6 mt-4 pt-lg-4"
    >
      <div
        class="d-flex align-items-center mb-5"
      >
        <div
          class="font-muli"
          style="color: #003473;"
        >
          <div
            style="font-size: 24px;"
          >
            Some slogan
          </div>
          <div
            style="font-size: 34px;"
          >
            Some City
          </div>
        </div>
        <div
          class="ml-auto col-5"
        >
          <img
            alt="Some City"
            class="img-fluid"
            src="https://logo.com"
          />
        </div>
      </div>
    </div>
  </div>
  <div
    class="row mt-3"
  >
    <div
      class="col-12 col-md-10 offset-md-1"
    >
      <protocol-consult-stub
        title="Consulta de inscrição"
      />
    </div>
  </div>
  <!--v-if-->
  <div
    class="row mt-4"
    data-test="notice-block"
  >
    <div
      class="col-12 col-md-10 offset-md-1"
    >
      <div
        class="x-card x-card--bordered"
      >
        <div
          class="x-card__section x-card__section--vert pl-4 pr-4 pt-3 p-0"
        >
          <h5
            class="text-h5 text-primary"
          >
            Avisos
          </h5>
        </div>
        <div
          class="x-card__section x-card__section--vert pl-4 pr-4 pb-3 p-0"
        >
          <div
            class="row"
          >
            <div
              class="col-12 text-break overfflow-hidden"
            >
              Notice 1
            </div>
          </div>
          <div
            class="row"
          >
            <div
              class="col-11 col-lg-2 font-hind offset-lg-10 pr-0 pr-md-4 text-right"
            >
              <router-link-stub
                to="/avisos"
              />
            </div>
          </div>
        </div>
      </div>
    </div>
  </div>
  <div
    class="row mt-3"
  >
    <div
      class="container-sm col-12 col-md-10 offset-md-1 mt-4"
    >
      <div
        class="row"
      >
        <div
          class="col"
        >
          <h2
            class="title mb-3"
          >
            Inscrições
          </h2>
        </div>
      </div>
      
      <div
        data-test="process-block"
      >
        <div
          class="row"
        >
          <div
            class="col-12 mt-3 mt-sm-2 d-flex"
          >
            <h4
              class="m-0"
            >
              string (2021) 
            </h4>
            <span
              class="ml-auto p-2 bg-gray-300 text-gray-700 rounded"
            >
               Lista de espera não disponível 
            </span>
          </div>
        </div>
        <process-stages-stub
          class="mb-3"
          process="[object Object]"
        />
      </div>
      
    </div>
  </div>
  <!--v-if-->
</div>
`;
