// Vitest Snapshot v1

exports[`PreRegistrationList > should match snapshot 1`] = `
<main>
  <h1>
    Pré-matrículas
  </h1>
  <div
    class="row mt-5 mb-5 pl-lg-0 pl-3 pr-lg-0 pr-3"
  >
    <div
      class="col-12 p-0 d-flex justify-content-lg-around"
      style="overflow-x: auto;"
    >
      
      <div
        class="x-card x-card--bordered col-6 col-md-2 bg-background card-summary mr-3 mr-lg-0"
      >
        <div
          class="x-card__section x-card__section--vert d-flex justify-content-center mt-3 mb-3 pb-0"
        >
          <div
            class="rounded-circle p-3 border-card bg-blue"
          >
            <img
              alt="Vagas ofertadas"
              src="/vendor/pre-matricula/assets/real-estate.svg"
            />
          </div>
        </div>
        <div
          class="x-card__section x-card__section--vert text-center pt-0 pb-3"
        >
          <p
            class="card-number"
          >
            25518
          </p>
          <p
            class="card-text"
          >
            Vagas ofertadas
          </p>
        </div>
      </div>
      <div
        class="x-card x-card--bordered col-6 col-md-2 bg-background card-summary mr-3 mr-lg-0"
      >
        <div
          class="x-card__section x-card__section--vert d-flex justify-content-center mt-3 mb-3 pb-0"
        >
          <div
            class="rounded-circle p-3 border-card bg-blue"
          >
            <img
              alt="Pré-matrículas inscritas"
              src="/vendor/pre-matricula/assets/perfis.svg"
            />
          </div>
        </div>
        <div
          class="x-card__section x-card__section--vert text-center pt-0 pb-3"
        >
          <p
            class="card-number"
          >
            4890
          </p>
          <p
            class="card-text"
          >
            Pré-matrículas inscritas
          </p>
        </div>
      </div>
      <div
        class="x-card x-card--bordered col-6 col-md-2 bg-background card-summary mr-3 mr-lg-0"
      >
        <div
          class="x-card__section x-card__section--vert d-flex justify-content-center mt-3 mb-3 pb-0"
        >
          <div
            class="rounded-circle p-3 border-card bg-green"
          >
            <img
              alt="Deferidas"
              src="/vendor/pre-matricula/assets/aprovado.svg"
            />
          </div>
        </div>
        <div
          class="x-card__section x-card__section--vert text-center pt-0 pb-3"
        >
          <p
            class="card-number"
          >
            3203
          </p>
          <p
            class="card-text"
          >
            Deferidas
          </p>
        </div>
      </div>
      <div
        class="x-card x-card--bordered col-6 col-md-2 bg-background card-summary mr-3 mr-lg-0"
      >
        <div
          class="x-card__section x-card__section--vert d-flex justify-content-center mt-3 mb-3 pb-0"
        >
          <div
            class="rounded-circle p-3 border-card bg-red"
          >
            <img
              alt="Indeferidas"
              src="/vendor/pre-matricula/assets/desaprovado.svg"
            />
          </div>
        </div>
        <div
          class="x-card__section x-card__section--vert text-center pt-0 pb-3"
        >
          <p
            class="card-number"
          >
            1221
          </p>
          <p
            class="card-text"
          >
            Indeferidas
          </p>
        </div>
      </div>
      <div
        class="x-card x-card--bordered col-6 col-md-2 bg-background card-summary mr-3 mr-lg-0"
      >
        <div
          class="x-card__section x-card__section--vert d-flex justify-content-center mt-3 mb-3 pb-0"
        >
          <div
            class="rounded-circle p-3 border-card bg-yellow"
          >
            <img
              alt="Em espera"
              src="/vendor/pre-matricula/assets/esperando.svg"
            />
          </div>
        </div>
        <div
          class="x-card__section x-card__section--vert text-center pt-0 pb-3"
        >
          <p
            class="card-number"
          >
            466
          </p>
          <p
            class="card-text"
          >
            Em espera
          </p>
        </div>
      </div>
      
    </div>
  </div>
  <div
    class="x-card bg-primary mb-5"
  >
    <div
      class="x-card__section x-card__section--vert pl-2 pr-2"
    >
      <form>
        <div
          class="row m-0 mt-1 filter-gutters mb-md-3"
        >
          <x-field-stub
            allowclear="false"
            bind="[object Object]"
            containerclass="col-12 col-md-4 mb-2 mb-md-0"
            disabled="false"
            errors="false"
            loading="false"
            modelvalue=""
            name="search"
            options=""
            placeholder="Nome do(a) aluno(a)"
            searchable="false"
            type="TEXT"
          />
          <x-field-stub
            allowclear="false"
            bind="[object Object]"
            containerclass="col-12 col-md-2 mb-2 mb-md-0"
            disabled="false"
            errors="false"
            loading="false"
            modelvalue="2021"
            name="year"
            options="[object Object]"
            placeholder="Filtrar ano"
            searchable="false"
            type="SELECT"
          />
          <x-field-stub
            allowclear="false"
            bind="[object Object]"
            containerclass="col-12 col-md-3 mb-2 mb-md-0"
            disabled="false"
            errors="false"
            loading="false"
            name="process"
            options="[object Object]"
            placeholder="Filtrar por processo"
            searchable="true"
            type="SELECT"
          />
          <x-field-stub
            allowclear="false"
            bind="[object Object]"
            containerclass="col-12 col-md-3 mb-2 mb-md-0"
            disabled="false"
            errors="false"
            loading="false"
            name="type"
            options="[object Object],[object Object],[object Object],[object Object]"
            placeholder="Filtrar por tipo"
            searchable="false"
            type="SELECT"
          />
        </div>
        <div
          class="row m-0 filter-gutters mt-md-4"
        >
          <x-field-stub
            allowclear="false"
            bind="[object Object]"
            containerclass="col-12 col-md-3 mb-2 mb-md-0"
            disabled="false"
            errors="false"
            loading="false"
            modelvalue="999"
            name="school"
            options="[object Object]"
            placeholder="Filtrar por escola"
            searchable="true"
            type="SELECT"
          />
          <x-field-stub
            allowclear="false"
            bind="[object Object]"
            containerclass="col-12 col-md-3 mb-2 mb-md-0"
            disabled="false"
            errors="false"
            loading="false"
            name="grade"
            options="[object Object]"
            placeholder="Filtrar por série"
            searchable="true"
            type="SELECT"
          />
          <x-field-stub
            allowclear="false"
            bind="[object Object]"
            containerclass="col-12 col-md-3 mb-2 mb-md-0"
            disabled="false"
            errors="false"
            loading="false"
            name="period"
            options="[object Object],[object Object]"
            placeholder="Filtrar por turno"
            searchable="false"
            type="SELECT"
          />
          <x-field-stub
            allowclear="false"
            bind="[object Object]"
            containerclass="col-12 col-md-3 mb-2 mb-md-0"
            disabled="false"
            errors="false"
            loading="false"
            name="status"
            options="[object Object],[object Object],[object Object],[object Object],[object Object],[object Object]"
            placeholder="Filtrar por status"
            searchable="false"
            type="SELECT"
          />
        </div>
        <div
          class="d-flex m-0 mt-3 filter-gutters flex-column flex-lg-row"
        >
          <div
            class="d-flex flex-grow-1"
          >
            <button
              class="x-btn x-btn-item non-selectable no-outline x-btn--outline x-btn--rectangle text-white border-white x-btn--actionable pmd-focusable pmd-hoverable x-btn--no-uppercase ml-2"
              role="button"
              tabindex="0"
              type="button"
            >
              <span
                class="x-btn__content text-center d-flex justify-content-center no-wrap text-no-wrap"
              >
                <i
                  aria-hidden="true"
                  class="mdi mdi-note-text-outline pmd-icon on-left text-"
                  role="img"
                  style="margin-top: 1px;"
                >
                   
                </i>
                <span
                  class="block"
                >
                  Emitir relatório
                </span>
              </span>
              <transition-stub>
                <!---->
              </transition-stub>
            </button>
          </div>
          <div
            class="d-flex justify-content-end flex-grow-1 mt-2 mt-md-0"
          >
            <button
              class="x-btn x-btn-item non-selectable no-outline x-btn--flat x-btn--rectangle text-white x-btn--actionable pmd-focusable pmd-hoverable x-btn--no-uppercase mr-3"
              role="button"
              tabindex="0"
              type="button"
            >
              <span
                class="x-btn__content text-center d-flex justify-content-center no-wrap text-no-wrap"
              >
                <span
                  class="block"
                >
                  Limpar
                </span>
              </span>
              <transition-stub>
                <!---->
              </transition-stub>
            </button>
            <button
              class="x-btn x-btn-item non-selectable no-outline x-btn--outline x-btn--rectangle text-white border-white x-btn--actionable pmd-focusable pmd-hoverable x-btn--no-uppercase mr-2"
              data-test="btn-search-pre-registration"
              role="button"
              tabindex="0"
              type="button"
            >
              <span
                class="x-btn__content text-center d-flex justify-content-center no-wrap text-no-wrap"
              >
                <span
                  class="block"
                >
                  Buscar
                </span>
              </span>
              <transition-stub>
                <!---->
              </transition-stub>
            </button>
          </div>
        </div>
      </form>
    </div>
  </div>
  <div
    class="d-flex flex-column flex-lg-row mb-4"
  >
    <div
      class="mb-3 mb-lg-0"
    >
      <simple-select-stub
        class="custom-select"
        options="[object Object],[object Object],[object Object],[object Object],[object Object]"
      />
    </div>
    <div
      class="ml-lg-auto"
    >
      <button
        aria-disabled="true"
        class="x-btn x-btn-item non-selectable no-outline x-btn--outline x-btn--rectangle text-summon border-summon disabled x-btn--no-uppercase ml-0 ml-lg-3 mb-2 mb-lg-0 pmd-custom"
        disabled=""
        role="button"
        tabindex="-1"
        type="button"
      >
        <span
          class="x-btn__content text-center d-flex justify-content-center no-wrap text-no-wrap"
        >
          <i
            aria-hidden="true"
            class="icon-pmd-summon pmd-icon on-left text-"
            role="img"
            style="margin-top: 1px;"
          >
             
          </i>
          <span
            class="block"
          >
            Convocar responsáveis
          </span>
        </span>
        <transition-stub>
          <!---->
        </transition-stub>
      </button>
      <button
        aria-disabled="true"
        class="x-btn x-btn-item non-selectable no-outline x-btn--outline x-btn--rectangle text-rejected border-rejected disabled x-btn--no-uppercase ml-0 ml-lg-3 mb-2 mb-lg-0 pmd-custom"
        disabled=""
        role="button"
        tabindex="-1"
        type="button"
      >
        <span
          class="x-btn__content text-center d-flex justify-content-center no-wrap text-no-wrap"
        >
          <i
            aria-hidden="true"
            class="icon-pmd-rejected pmd-icon on-left text-"
            role="img"
            style="margin-top: 1px;"
          >
             
          </i>
          <span
            class="block"
          >
            Indeferir pré-matrícula
          </span>
        </span>
        <transition-stub>
          <!---->
        </transition-stub>
      </button>
      <button
        aria-disabled="true"
        class="x-btn x-btn-item non-selectable no-outline x-btn--outline x-btn--rectangle text-accepted border-accepted disabled x-btn--no-uppercase ml-0 ml-lg-3 mb-2 mb-lg-0 pmd-custom"
        disabled=""
        role="button"
        tabindex="-1"
        type="button"
      >
        <span
          class="x-btn__content text-center d-flex justify-content-center no-wrap text-no-wrap"
        >
          <i
            aria-hidden="true"
            class="icon-pmd-accepted pmd-icon on-left text-"
            role="img"
            style="margin-top: 1px;"
          >
             
          </i>
          <span
            class="block"
          >
            Deferir pré-matrícula
          </span>
        </span>
        <transition-stub>
          <!---->
        </transition-stub>
      </button>
    </div>
  </div>
  <div
    class="align-items-baseline d-flex font-hind mb-2"
  >
    <div
      class="mr-2"
    >
      Mostrar
    </div>
    <div
      class="mr-2"
    >
      <simple-select-stub
        class="form-control form-control-sm"
        modelvalue="25"
        options="[object Object],[object Object],[object Object],[object Object],[object Object]"
      />
    </div>
    <div>
      registros por página
    </div>
  </div>
  <table
    class="table table-responsive table-striped table-vcenter"
  >
    <thead>
      <tr>
        <th
          class="w-1"
        >
          <div
            class="custom-control custom-checkbox"
          >
            <input
              class="custom-control-input"
              id="allChecked"
              type="checkbox"
            />
            <label
              class="custom-control-label"
              for="allChecked"
            />
          </div>
        </th>
        <th>
          Status
        </th>
        <th>
          Protocolo
        </th>
        <th>
          Nome do(a) aluno(a)
        </th>
        <th>
          Escola
        </th>
        <th>
          Posição
        </th>
        <th>
          Série
        </th>
        <th>
          Turno
        </th>
        <th>
          Tipo
        </th>
      </tr>
    </thead>
    <tbody>
      
      <tr>
        <td
          class="w-1"
        >
          <div
            class="custom-control custom-checkbox"
          >
            <input
              class="custom-control-input"
              id="checkbox-1"
              type="checkbox"
              value="1"
            />
            <label
              class="custom-control-label"
              for="checkbox-1"
            />
          </div>
        </td>
        <td>
          <span
            class="status-green"
          />
        </td>
        <td>
          <a
            data-test="protocol"
            href="javascript:void(0)"
          >
             #HLYN3T
          </a>
        </td>
        <td>
          Lívia
        </td>
        <td>
          EMEB HERCÍLIO AMANTE 
          <div>
            <small
              class="align-top"
            />
            <span
              class="status-yellow"
            />
          </div>
          <div>
            <small
              class="align-top"
            >
              EMEB HERCÍLIO
            </small>
            <span
              class="status-green"
            />
          </div>
        </td>
        <td>
          4º 
          <div>
            <small
              class="align-top"
            >
              1º 
            </small>
          </div>
          <div>
            <small
              class="align-top"
            >
              1º 
            </small>
          </div>
        </td>
        <td>
          1º Ano
        </td>
        <td>
          Vespertino
        </td>
        <td>
          <span
            class="badge-blue badge"
          >
            Matrícula
          </span>
        </td>
      </tr>
      
    </tbody>
  </table>
  <nav
    class="paginator"
  >
    <ul
      class="d-flex list-unstyled"
    >
      <li
        class="disabled page-item"
      >
        <a
          class="btn btn-outline-primary"
          href="javascript:void(0)"
        >
          «
        </a>
      </li>
      <li
        class="disabled page-item"
      >
        <a
          class="btn btn-outline-primary"
          href="javascript:void(0)"
        >
          ‹
        </a>
      </li>
      
      <li
        class="page-item"
      >
        <a
          class="active btn btn-outline-primary"
          href="javascript:void(0)"
        >
          1
        </a>
      </li>
      <li
        class="page-item"
      >
        <a
          class="btn btn-outline-primary"
          href="javascript:void(0)"
        >
          2
        </a>
      </li>
      <li
        class="page-item"
      >
        <a
          class="btn btn-outline-primary"
          href="javascript:void(0)"
        >
          3
        </a>
      </li>
      <li
        class="page-item"
      >
        <a
          class="btn btn-outline-primary"
          href="javascript:void(0)"
        >
          4
        </a>
      </li>
      
      <li
        class="page-item"
      >
        <a
          class="btn btn-outline-primary"
          href="javascript:void(0)"
        >
          ›
        </a>
      </li>
      <li
        class="page-item"
      >
        <a
          class="btn btn-outline-primary"
          href="javascript:void(0)"
        >
          »
        </a>
      </li>
    </ul>
  </nav>
  <div
    class="row justify-content-center mt-4"
  >
    <div
      class="col-12 col-lg-3"
    >
      <button
        class="x-btn x-btn-item non-selectable no-outline x-btn--standard x-btn--rectangle bg-primary text-white x-btn--actionable pmd-focusable pmd-hoverable x-btn--no-uppercase w-100"
        role="button"
        tabindex="0"
        type="button"
      >
        <span
          class="x-btn__content text-center d-flex justify-content-center no-wrap text-no-wrap"
        >
          <span
            class="block"
          >
            Exportar
          </span>
        </span>
        <transition-stub>
          <!---->
        </transition-stub>
      </button>
    </div>
  </div>
  <!--v-if-->
  <!--v-if-->
  <!--v-if-->
  <router-view-stub />
</main>
`;
