// Vitest Snapshot v1

exports[`PreRegistrationModal > should match snapshot 1`] = `<!--teleport start-->`;
