// Vitest Snapshot v1

exports[`PreRegistration > should match snapshot 1`] = `
<div
  class="mt-5"
>
  <!--v-if-->
  <div>
    <form
      autocomplete="off"
      class="row"
    >
      
      
      
      <div
        class="col-12"
      >
        <div
          class="container-pmd"
        >
          <h2
            class="font-muli-20-primary mb-4"
          >
             Identifique o(a) aluno(a) para continuar com a inscrição: 
          </h2>
          <p>
             Preencha os dados abaixo para identificar o(a) 
            <strong>
              aluno(a)
            </strong>
             que será matrículado(a). 
          </p>
          <div
            class="row mt-5"
          >
            <div
              class="col-12 col-md-6"
            >
              <div
                class="autocomplete-field-wrapper"
                data-v-2c3a0553=""
                errors="false"
              >
                <label
                  class="autocomplete-label"
                  data-v-2c3a0553=""
                  for="student_name"
                >
                  Nome do(a) aluno(a)
                </label>
                <input
                  autocomplete="off"
                  class="autocomplete-input"
                  data-v-2c3a0553=""
                  id="student_name"
                  name="student_name"
                  placeholder=""
                  type="text"
                />
                <!--v-if-->
                <!--v-if-->
              </div>
            </div>
            <x-field-stub
              allowclear="false"
              bind="[object Object]"
              containerclass="col-12 col-md-6"
              disabled="false"
              errors="false"
              label="Data de nascimento do(a) aluno(a)"
              loading="false"
              name="student_date_of_birth"
              options=""
              rules="required|date|minimum_age:0"
              searchable="false"
              type="DATE"
            />
            <!--v-if-->
            <!--v-if-->
            <!--v-if-->
          </div>
        </div>
        <!--v-if-->
        <!--v-if-->
        <!--v-if-->
        <!--v-if-->
      </div>
      
      <div
        class="col-12"
      >
        <div
          class="row mt-5"
        >
          
          <div
            class="offset-md-3 col-md-3"
          >
            <button
              class="x-btn x-btn-item non-selectable no-outline x-btn--outline x-btn--rectangle text-gray-500 border-gray-500 x-btn--actionable pmd-focusable pmd-hoverable x-btn--no-uppercase w-100"
              role="button"
              style="font-size: 20px;"
              tabindex="0"
              type="button"
            >
              <span
                class="x-btn__content text-center d-flex justify-content-center no-wrap text-no-wrap"
              >
                <span
                  class="block"
                >
                  Voltar
                </span>
              </span>
              <transition-stub
                appear="false"
                css="true"
                name="x-transition--fade"
                persisted="false"
              >
                <!---->
              </transition-stub>
            </button>
          </div>
          <div
            class="col-md-3 mt-3 mt-md-0"
          >
            <button
              class="x-btn x-btn-item non-selectable no-outline x-btn--standard x-btn--rectangle bg-primary text-white x-btn--actionable pmd-focusable pmd-hoverable x-btn--no-uppercase btn btn-block btn-primary w-100 h-100 flex-row justify-content-center"
              disabled="false"
              role="button"
              style="font-size: 20px;"
              tabindex="0"
              type="button"
            >
              <span
                class="x-btn__content text-center d-flex justify-content-center no-wrap text-no-wrap"
              >
                <span
                  class="block"
                >
                  Prosseguir
                </span>
              </span>
              <transition-stub
                appear="false"
                css="true"
                name="x-transition--fade"
                persisted="false"
              >
                <!---->
              </transition-stub>
            </button>
          </div>
          
        </div>
      </div>
    </form>
  </div>
  <!--v-if-->
  <!--v-if-->
</div>
`;
